// Jest Snapshot v1, https://goo.gl/fbAQLP

exports[`Layout component renders correctly with data 1`] = `
<div>
  <div
    class="layout-container"
  >
    <nav
      aria-label="Primary"
      class="header"
    >
      <div
        class="container"
      >
        <div
          class="startWrapper"
        >
          <a
            aria-label="Homepage"
            href="/"
          >
            <div
              class="logo"
            >
              <svg
                class="light-mode-only"
              />
              <svg
                class="dark-mode-only"
              />
            </div>
          </a>
        </div>
        <ul
          class="tabs"
        >
          <li>
            <a
              href="/learn/"
            >
              Learn
            </a>
          </li>
          <li>
            <a
              href="/about/"
            >
              About
            </a>
          </li>
          <li>
            <a
              href="/api/latest/"
            >
              API Docs
            </a>
          </li>
          <li>
            <a
              href="/download/"
            >
              Download
            </a>
          </li>
          <li>
            <a
              href="https://openjsf.org/certification/"
            >
              Certification
            </a>
          </li>
        </ul>
        <div
          class="endWrapper"
        >
          <ul
            class="rightContainer"
          >
            <li
              class="searchBar"
            >
              <span
                class="sr-only"
              >
                Search Bar
              </span>
              <div
                class="searchBarContainer"
                style="min-height: 0; width: 100%; max-width: 100px; box-shadow: none;"
              >
                <div
                  class="searchInputContainer"
                  role="presentation"
                >
                  <svg
                    aria-hidden="true"
                    class="MuiSvgIcon-root MuiSvgIcon-fontSizeMedium searchIcon css-8rv7ug-MuiSvgIcon-root"
                    data-testid="TravelExploreIcon"
                    focusable="false"
                    viewBox="0 0 24 24"
                  >
                    <path
                      d="M19.3 16.9c.4-.7.7-1.5.7-2.4 0-2.5-2-4.5-4.5-4.5S11 12 11 14.5s2 4.5 4.5 4.5c.9 0 1.7-.3 2.4-.7l3.2 3.2 1.4-1.4-3.2-3.2zm-3.8.1c-1.4 0-2.5-1.1-2.5-2.5s1.1-2.5 2.5-2.5 2.5 1.1 2.5 2.5-1.1 2.5-2.5 2.5zM12 20v2C6.48 22 2 17.52 2 12S6.48 2 12 2c4.84 0 8.87 3.44 9.8 8h-2.07c-.64-2.46-2.4-4.47-4.73-5.41V5c0 1.1-.9 2-2 2h-2v2c0 .55-.45 1-1 1H8v2h2v3H9l-4.79-4.79C4.08 10.79 4 11.38 4 12c0 4.41 3.59 8 8 8z"
                    />
                  </svg>
                  <label
                    for="searchInput"
                  >
                    <span>
                      Search
                    </span>
                    <input
                      autocomplete="off"
                      class="inputText"
                      id="searchInput"
                      name="query"
                      type="text"
                      value=""
                    />
                  </label>
                </div>
              </div>
            </li>
            <li>
              <button
                class="darkModeToggle"
                type="button"
              >
                <span
                  class="sr-only"
                >
                  Toggle Dark Mode
                </span>
                <svg
                  aria-hidden="true"
                  class="MuiSvgIcon-root MuiSvgIcon-fontSizeMedium light-mode-only css-8rv7ug-MuiSvgIcon-root"
                  data-testid="ModeNightIcon"
                  focusable="false"
                  viewBox="0 0 24 24"
                >
                  <path
                    d="M9.5 2c-1.82 0-3.53.5-5 1.35 2.99 1.73 5 4.95 5 8.65s-2.01 6.92-5 8.65c1.47.85 3.18 1.35 5 1.35 5.52 0 10-4.48 10-10S15.02 2 9.5 2z"
                  />
                </svg>
                <svg
                  aria-hidden="true"
                  class="MuiSvgIcon-root MuiSvgIcon-fontSizeMedium dark-mode-only css-8rv7ug-MuiSvgIcon-root"
                  data-testid="BrightnessMediumIcon"
                  focusable="false"
                  viewBox="0 0 24 24"
                >
                  <path
                    d="M20 15.31 23.31 12 20 8.69V4h-4.69L12 .69 8.69 4H4v4.69L.69 12 4 15.31V20h4.69L12 23.31 15.31 20H20v-4.69zM12 18V6c3.31 0 6 2.69 6 6s-2.69 6-6 6z"
                  />
                </svg>
              </button>
            </li>
            <li>
              <a
                href="https://github.com/nodejs/nodejs.dev"
                rel="noopener noreferrer"
                target="_blank"
              >
                <span
                  class="sr-only"
                >
                  GitHub
                </span>
                <svg
                  aria-hidden="true"
                  class="svg-inline--fa fa-github "
                  color="var(--color-text-accent)"
                  data-icon="github"
                  data-prefix="fab"
                  focusable="false"
                  role="img"
                  style="padding: 1rem; width: 2rem; height: 2rem;"
                  viewBox="0 0 496 512"
                  xmlns="http://www.w3.org/2000/svg"
                >
                  <path
                    d="M165.9 397.4c0 2-2.3 3.6-5.2 3.6-3.3.3-5.6-1.3-5.6-3.6 0-2 2.3-3.6 5.2-3.6 3-.3 5.6 1.3 5.6 3.6zm-31.1-4.5c-.7 2 1.3 4.3 4.3 4.9 2.6 1 5.6 0 6.2-2s-1.3-4.3-4.3-5.2c-2.6-.7-5.5.3-6.2 2.3zm44.2-1.7c-2.9.7-4.9 2.6-4.6 4.9.3 2 2.9 3.3 5.9 2.6 2.9-.7 4.9-2.6 4.6-4.6-.3-1.9-3-3.2-5.9-2.9zM244.8 8C106.1 8 0 113.3 0 252c0 110.9 69.8 205.8 169.5 239.2 12.8 2.3 17.3-5.6 17.3-12.1 0-6.2-.3-40.4-.3-61.4 0 0-70 15-84.7-29.8 0 0-11.4-29.1-27.8-36.6 0 0-22.9-15.7 1.6-15.4 0 0 24.9 2 38.6 25.8 21.9 38.6 58.6 27.5 72.9 20.9 2.3-16 8.8-27.1 16-33.7-55.9-6.2-112.3-14.3-112.3-110.5 0-27.5 7.6-41.3 23.6-58.9-2.6-6.5-11.1-33.3 2.6-67.9 20.9-6.5 69 27 69 27 20-5.6 41.5-8.5 62.8-8.5s42.8 2.9 62.8 8.5c0 0 48.1-33.6 69-27 13.7 34.7 5.2 61.4 2.6 67.9 16 17.7 25.8 31.5 25.8 58.9 0 96.5-58.9 104.2-114.8 110.5 9.2 7.9 17 22.9 17 46.4 0 33.7-.3 75.4-.3 83.6 0 6.5 4.6 14.4 17.3 12.1C428.2 457.8 496 362.9 496 252 496 113.3 383.5 8 244.8 8zM97.2 352.9c-1.3 1-1 3.3.7 5.2 1.6 1.6 3.9 2.3 5.2 1 1.3-1 1-3.3-.7-5.2-1.6-1.6-3.9-2.3-5.2-1zm-10.8-8.1c-.7 1.3.3 2.9 2.3 3.9 1.6 1 3.6.7 4.3-.7.7-1.3-.3-2.9-2.3-3.9-2-.6-3.6-.3-4.3.7zm32.4 35.6c-1.6 1.3-1 4.3 1.3 6.2 2.3 2.3 5.2 2.6 6.5 1 1.3-1.3.7-4.3-1.3-6.2-2.2-2.3-5.2-2.6-6.5-1zm-11.4-14.7c-1.6 1-1.6 3.6 0 5.9 1.6 2.3 4.3 3.3 5.6 2.3 1.6-1.3 1.6-3.9 0-6.2-1.4-2.3-4-3.3-5.6-2z"
                    fill="currentColor"
                  />
                </svg>
              </a>
            </li>
          </ul>
        </div>
      </div>
    </nav>
    mock-children
  </div>
</div>
`;
