// Jest Snapshot v1, https://goo.gl/fbAQLP

exports[`UpcomingReleases component renders correctly 1`] = `
<div>
  <div
    class="upcoming-releases"
  >
    <div
      class="react-tabs"
      data-tabs="true"
    >
      <ul
        class="react-tabs__tab-list"
        role="tablist"
      >
        <li
          aria-controls="react-tabs-1"
          aria-disabled="false"
          aria-selected="true"
          class="react-tabs__tab react-tabs__tab--selected"
          id="react-tabs-0"
          role="tab"
          tabindex="0"
        >
          Node.js 12
        </li>
        <li
          aria-controls="react-tabs-3"
          aria-disabled="false"
          aria-selected="false"
          class="react-tabs__tab"
          id="react-tabs-2"
          role="tab"
        >
          Node.js 13
        </li>
        <li
          aria-controls="react-tabs-5"
          aria-disabled="false"
          aria-selected="false"
          class="react-tabs__tab"
          id="react-tabs-4"
          role="tab"
        >
          Node.js 14
        </li>
        <li
          aria-controls="react-tabs-7"
          aria-disabled="false"
          aria-selected="false"
          class="react-tabs__tab"
          id="react-tabs-6"
          role="tab"
        >
          Node.js 15
        </li>
        <li
          aria-controls="react-tabs-9"
          aria-disabled="false"
          aria-selected="false"
          class="react-tabs__tab"
          id="react-tabs-8"
          role="tab"
        >
          Node.js 16
        </li>
      </ul>
      <div
        aria-labelledby="react-tabs-0"
        class="react-tabs__tab-panel react-tabs__tab-panel--selected"
        id="react-tabs-1"
        role="tabpanel"
      >
        <div
          class="upcoming-releases__panel"
        >
          <div
            class="upcoming-releases__item--current"
          >
            <img
              alt="hexagon icon"
              src="test-file-stub"
            />
            <p
              class="release-title"
            >
              Current
            </p>
            <p
              class="release-date"
            >
              Released
               
              2019-04-23
            </p>
          </div>
          <div
            class="upcoming-releases__item--lts"
          >
            <img
              alt="hexagon icon"
              src="test-file-stub"
            />
            <p
              class="release-title"
            >
              LTS
            </p>
            <p
              class="release-date"
            >
              Released
               
              2019-10-21
            </p>
          </div>
          <div
            class="upcoming-releases__item--maintenance"
          >
            <img
              alt="hexagon icon"
              src="test-file-stub"
            />
            <p
              class="release-title"
            >
              Maintenance Release
            </p>
            <p
              class="release-date"
            >
              Released
               
              2020-10-20
            </p>
          </div>
          <div
            class="upcoming-releases__item--endoflife upcoming-releases__item--to-be-released"
          >
            <img
              alt="hexagon icon"
              src="test-file-stub"
            />
            <p
              class="release-title"
            >
              End-of-life Release
            </p>
            <p
              class="release-date"
            >
              To be released
               
              2022-04-30
            </p>
          </div>
        </div>
      </div>
      <div
        aria-labelledby="react-tabs-2"
        class="react-tabs__tab-panel"
        id="react-tabs-3"
        role="tabpanel"
      />
      <div
        aria-labelledby="react-tabs-4"
        class="react-tabs__tab-panel"
        id="react-tabs-5"
        role="tabpanel"
      />
      <div
        aria-labelledby="react-tabs-6"
        class="react-tabs__tab-panel"
        id="react-tabs-7"
        role="tabpanel"
      />
      <div
        aria-labelledby="react-tabs-8"
        class="react-tabs__tab-panel"
        id="react-tabs-9"
        role="tabpanel"
      />
    </div>
  </div>
</div>
`;
