// Jest Snapshot v1, https://goo.gl/fbAQLP

exports[`Blog page renders correctly 1`] = `
<div>
  <div
    class="layout-container"
  >
    <nav
      aria-label="Primary"
      class="nav"
    >
      <div
        class="nav__container"
      >
        <div
          class="nav__startwrapper"
        >
          <a
            href="/"
          >
            <div
              class="logo"
            >
              <svg
                class="nav__logo light-mode-only"
              />
              <svg
                class="nav__logo dark-mode-only"
              />
            </div>
          </a>
        </div>
        <ul
          class="nav__tabs__container"
        >
          <li
            class="nav__tabs"
          >
            <a
              class="activeStyleTab"
              href="/learn"
            >
              Learn
            </a>
          </li>
          <li
            class="nav__tabs"
          >
            <a
              class="activeStyleTab"
              href="https://nodejs.org/en/docs/"
              rel="noopener noreferrer"
              target="_blank"
            >
              Documentation
            </a>
          </li>
          <li
            class="nav__tabs"
          >
            <a
              class="activeStyleTab"
              href="/download"
            >
              Download
            </a>
          </li>
          <li
            class="nav__tabs"
          >
            <a
              class="activeStyleTab"
              href="/community"
            >
              Community
            </a>
          </li>
        </ul>
        <div
          class="nav__endwrapper"
        >
          <ul
            class="right-container"
          >
            <li
              class="nav__tabs nav__tabs--right"
            >
              <button
                class="dark-mode-toggle"
                type="button"
              >
                <span
                  class="sr-only"
                >
                  Toggle Dark Mode
                </span>
                <i
                  class="material-icons light-mode-only theme-buttons"
                >
                  nights_stay
                </i>
                <i
                  class="material-icons dark-mode-only theme-buttons"
                >
                  wb_sunny
                </i>
              </button>
            </li>
            <li
              class="nav__tabs"
            >
              <a
                href="https://github.com/nodejs/nodejs.dev"
                rel="noopener noreferrer"
                target="_blank"
              >
                <span
                  class="sr-only"
                >
                  GitHub
                </span>
                <svg
                  fill="var(--color-text-accent)"
                  style="margin-bottom: -3px;"
                />
              </a>
            </li>
          </ul>
        </div>
      </div>
    </nav>
    <main
      class="blog-grid-container"
    >
      <div
        class="blogCard"
      >
        <a
          class="title"
          href="Mock blog slug"
        >
          Mock blog title
        </a>
        <h4>
          Mock date
        </h4>
        <p>
          by
           
          <span>
            Mock author name
          </span>
          
        </p>
      </div>
    </main>
    <section
      class="bottom-info"
    >
      <div
        class="random-contributor"
      />
    </section>
    <footer
      class="footer"
    >
      <ul
        class="footer__left"
      >
        <li>
          <a
            class="footer__link"
            href="/trademark"
          >
            Trademark Policy
          </a>
        </li>
        <li>
          <a
            class="footer__link"
            href="/privacy"
          >
            Privacy Policy
          </a>
        </li>
        <li>
          <a
            class="footer__link"
            href="https://github.com/openjs-foundation/cross-project-council/blob/main/CODE_OF_CONDUCT.md#contributor-covenant-code-of-conduct"
          >
            Code of Conduct
          </a>
        </li>
        <li>
          <a
            class="footer__link"
            href="/security"
          >
            Security Reporting
          </a>
        </li>
        <li>
          <a
            class="footer__link"
            href="/about"
          >
            About
          </a>
        </li>
        <li>
          <a
            class="footer__link"
            href="https://nodejs.org/en/blog/"
          >
            Blog
          </a>
        </li>
      </ul>
      <ul
        class="footer__right"
      >
        <li>
          Â© OpenJS Foundation
        </li>
        <li>
          <a
            aria-label="Node.js Github Page Link"
            href="https://github.com/nodejs/node"
            rel="noopener noreferrer"
            target="_blank"
          >
            <span
              class="sr-only"
            >
              GitHub
            </span>
            <svg
              fill="var(--color-text-secondary)"
            />
          </a>
        </li>
        <li>
          <a
            aria-label="Node.js Twitter Link"
            href="https://twitter.com/nodejs"
            rel="noopener noreferrer"
            target="_blank"
          >
            <svg
              fill="var(--color-text-secondary)"
            />
          </a>
        </li>
        <li>
          <a
            aria-label="Node.js Slack Link"
            href="https://slack.openjsf.org"
            rel="noopener noreferrer"
            target="_blank"
          >
            <svg
              fill="var(--color-text-secondary)"
            />
          </a>
        </li>
      </ul>
    </footer>
  </div>
</div>
`;

exports[`Blog page renders correctly for empty blogs list 1`] = `
<div>
  <div
    class="layout-container"
  >
    <nav
      aria-label="Primary"
      class="nav"
    >
      <div
        class="nav__container"
      >
        <div
          class="nav__startwrapper"
        >
          <a
            href="/"
          >
            <div
              class="logo"
            >
              <svg
                class="nav__logo light-mode-only"
              />
              <svg
                class="nav__logo dark-mode-only"
              />
            </div>
          </a>
        </div>
        <ul
          class="nav__tabs__container"
        >
          <li
            class="nav__tabs"
          >
            <a
              class="activeStyleTab"
              href="/learn"
            >
              Learn
            </a>
          </li>
          <li
            class="nav__tabs"
          >
            <a
              class="activeStyleTab"
              href="https://nodejs.org/en/docs/"
              rel="noopener noreferrer"
              target="_blank"
            >
              Documentation
            </a>
          </li>
          <li
            class="nav__tabs"
          >
            <a
              class="activeStyleTab"
              href="/download"
            >
              Download
            </a>
          </li>
          <li
            class="nav__tabs"
          >
            <a
              class="activeStyleTab"
              href="/community"
            >
              Community
            </a>
          </li>
        </ul>
        <div
          class="nav__endwrapper"
        >
          <ul
            class="right-container"
          >
            <li
              class="nav__tabs nav__tabs--right"
            >
              <button
                class="dark-mode-toggle"
                type="button"
              >
                <span
                  class="sr-only"
                >
                  Toggle Dark Mode
                </span>
                <i
                  class="material-icons light-mode-only theme-buttons"
                >
                  nights_stay
                </i>
                <i
                  class="material-icons dark-mode-only theme-buttons"
                >
                  wb_sunny
                </i>
              </button>
            </li>
            <li
              class="nav__tabs"
            >
              <a
                href="https://github.com/nodejs/nodejs.dev"
                rel="noopener noreferrer"
                target="_blank"
              >
                <span
                  class="sr-only"
                >
                  GitHub
                </span>
                <svg
                  fill="var(--color-text-accent)"
                  style="margin-bottom: -3px;"
                />
              </a>
            </li>
          </ul>
        </div>
      </div>
    </nav>
    <main
      class="blog-grid-container"
    >
      <h1>
        No Blog Posts yet
      </h1>
    </main>
    <section
      class="bottom-info"
    >
      <div
        class="random-contributor"
      />
    </section>
    <footer
      class="footer"
    >
      <ul
        class="footer__left"
      >
        <li>
          <a
            class="footer__link"
            href="/trademark"
          >
            Trademark Policy
          </a>
        </li>
        <li>
          <a
            class="footer__link"
            href="/privacy"
          >
            Privacy Policy
          </a>
        </li>
        <li>
          <a
            class="footer__link"
            href="https://github.com/openjs-foundation/cross-project-council/blob/main/CODE_OF_CONDUCT.md#contributor-covenant-code-of-conduct"
          >
            Code of Conduct
          </a>
        </li>
        <li>
          <a
            class="footer__link"
            href="/security"
          >
            Security Reporting
          </a>
        </li>
        <li>
          <a
            class="footer__link"
            href="/about"
          >
            About
          </a>
        </li>
        <li>
          <a
            class="footer__link"
            href="https://nodejs.org/en/blog/"
          >
            Blog
          </a>
        </li>
      </ul>
      <ul
        class="footer__right"
      >
        <li>
          Â© OpenJS Foundation
        </li>
        <li>
          <a
            aria-label="Node.js Github Page Link"
            href="https://github.com/nodejs/node"
            rel="noopener noreferrer"
            target="_blank"
          >
            <span
              class="sr-only"
            >
              GitHub
            </span>
            <svg
              fill="var(--color-text-secondary)"
            />
          </a>
        </li>
        <li>
          <a
            aria-label="Node.js Twitter Link"
            href="https://twitter.com/nodejs"
            rel="noopener noreferrer"
            target="_blank"
          >
            <svg
              fill="var(--color-text-secondary)"
            />
          </a>
        </li>
        <li>
          <a
            aria-label="Node.js Slack Link"
            href="https://slack.openjsf.org"
            rel="noopener noreferrer"
            target="_blank"
          >
            <svg
              fill="var(--color-text-secondary)"
            />
          </a>
        </li>
      </ul>
    </footer>
  </div>
</div>
`;
