// Jest Snapshot v1, https://goo.gl/fbAQLP

exports[`EditLink component renders correctly 1`] = `
<div
  css={
    Object {
      "map": undefined,
      "name": "rtde4j",
      "next": undefined,
      "styles": "
  display: flex;
  flex-wrap: wrap;
",
      "toString": [Function],
    }
  }
>
  <a
    css={
      Object {
        "map": undefined,
        "name": "1fo9rdi",
        "next": undefined,
        "styles": "
  color: var(--black7) !important;
  text-transform: uppercase;
  text-decoration: none !important;
  font-size: 1.4rem;
  font-weight: normal;
  font-family: var(--sans-serif);
  vertical-align: middle;

  span {
    vertical-align: middle;
    font-weight: normal;
  }

  &:hover {
    color: var(--brand-light) !important;
  }
",
        "toString": [Function],
      }
    }
    href="https://github.com/nodejs/nodejs.dev/edit/master/src/documentation/0002-node-history/index.md"
  >
    <span>
      Edit this page on GitHub
    </span>
     
    <svg
      css={
        Object {
          "map": undefined,
          "name": "y6j8ah",
          "next": undefined,
          "styles": "
  margin-left: 0.5rem;
  vertical-align: middle;
",
          "toString": [Function],
        }
      }
      fill="currentColor"
      height="1em"
      viewBox="0 0 40 40"
      width="1em"
    >
      <path
        d="m34.5 11.7l-3 3.1-6.3-6.3 3.1-3q0.5-0.5 1.2-0.5t1.1 0.5l3.9 3.9q0.5 0.4 0.5 1.1t-0.5 1.2z m-29.5 17.1l18.4-18.5 6.3 6.3-18.4 18.4h-6.3v-6.2z"
      />
    </svg>
  </a>
</div>
`;
