// Jest Snapshot v1, https://goo.gl/fbAQLP

exports[`SideNavBar renders correctly 1`] = `
<div>
  <nav
    class="sideNav"
  >
    <button
      class="sideNavOpen"
      type="button"
    >
      Menu
    </button>
    <div
      class="sideNavSection"
    >
      <a
        aria-current="page"
        class="t-body2 navigationItem navigationItemActive"
        href="/about/"
        id="link-about"
      >
        About
      </a>
      <a
        class="t-body2 navigationItem"
        href="/community/"
        id="link-community"
      >
        Community
      </a>
      <a
        class="t-body2 navigationItem"
        href="/download/package-manager/"
        id="link-download/package-manager"
      >
        Package Manager
      </a>
      <a
        class="t-body2 navigationItem"
        href="/about/privacy/"
        id="link-about/privacy"
      >
        Privacy Policy
      </a>
      <a
        class="t-body2 navigationItem"
        href="/about/governance/"
        id="link-about/governance"
      >
        Project Governance
      </a>
      <a
        class="t-body2 navigationItem"
        href="/about/releases/"
        id="link-about/releases"
      >
        Releases
      </a>
      <a
        class="t-body2 navigationItem"
        href="/resources/"
        id="link-resources"
      >
        Resources
      </a>
      <a
        class="t-body2 navigationItem"
        href="/about/security/"
        id="link-about/security"
      >
        Security Reporting
      </a>
      <a
        class="t-body2 navigationItem"
        href="/about/working-groups/"
        id="link-about/working-groups"
      >
        Working Groups
      </a>
    </div>
  </nav>
</div>
`;
