// Jest Snapshot v1, https://goo.gl/fbAQLP

exports[`Tests for Footer component renders correctly 1`] = `
<div>
  <footer
    class="footer"
  >
    <ul
      class="footer__left"
    >
      <li>
        <a
          class="footer__link"
          href="/about/trademark"
        >
          Trademark Policy
        </a>
      </li>
      <li>
        <a
          class="footer__link"
          href="/about/privacy"
        >
          Privacy Policy
        </a>
      </li>
      <li>
        <a
          class="footer__link"
          href="https://github.com/openjs-foundation/cross-project-council/blob/main/CODE_OF_CONDUCT.md#contributor-covenant-code-of-conduct"
        >
          Code of Conduct
        </a>
      </li>
      <li>
        <a
          class="footer__link"
          href="/about/security"
        >
          Security Reporting
        </a>
      </li>
      <li>
        <a
          class="footer__link"
          href="/about"
        >
          About
        </a>
      </li>
      <li>
        <a
          class="footer__link"
          href="/blog"
        >
          Blog
        </a>
      </li>
    </ul>
    <ul
      class="footer__right"
    >
      <li>
        Â© OpenJS Foundation
      </li>
      <li>
        <a
          aria-label="Node.js Github Page Link"
          href="https://github.com/nodejs/node"
          rel="noopener noreferrer"
          target="_blank"
        >
          <span
            class="sr-only"
          >
            GitHub
          </span>
          <svg
            fill="var(--color-text-secondary)"
          />
        </a>
      </li>
      <li>
        <a
          aria-label="Node.js Twitter Link"
          href="https://twitter.com/nodejs"
          rel="noopener noreferrer"
          target="_blank"
        >
          <svg
            fill="var(--color-text-secondary)"
          />
        </a>
      </li>
      <li>
        <a
          aria-label="Node.js Slack Link"
          href="https://slack.openjsf.org"
          rel="noopener noreferrer"
          target="_blank"
        >
          <svg
            fill="var(--color-text-secondary)"
          />
        </a>
      </li>
    </ul>
  </footer>
</div>
`;
