// Jest Snapshot v1, https://goo.gl/fbAQLP

exports[`SectionTitle component renders correctly with data 1`] = `
<div>
  <div
    class="sectionTitle"
  >
    home / 
    previous / 
    <span
      class="active"
    >
      current
    </span>
  </div>
</div>
`;
