// Jest Snapshot v1, https://goo.gl/fbAQLP

exports[`About page renders correctly 1`] = `
<main
  class="grid-container"
>
  <nav
    aria-label="About Navigation"
    class="navigation"
    id="main-navigation"
  >
    <button
      aria-expanded="false"
      class="navigationOpen"
      type="button"
    >
      Menu
    </button>
    <div
      class="navigationSection"
    >
      <button
        aria-expanded="true"
        class="t-body2 title"
        type="button"
      >
        <span>
          About Node.js
        </span>
      </button>
      <div
        aria-label="About Node.js"
        role="region"
        style="display: block;"
      >
        <a
          aria-current="page"
          class="t-body2 navigationItem navigationItemActive"
          href="/about/"
          id="/about/"
        >
          About Node.js
        </a>
        <a
          class="t-body2 navigationItem"
          href="/about/governance/"
          id="/about/governance/"
        >
          Project Governance
        </a>
        <a
          class="t-body2 navigationItem"
          href="/about/releases/"
          id="/about/releases/"
        >
          Releases
        </a>
        <a
          class="t-body2 navigationItem"
          href="/about/resources/"
          id="/about/resources/"
        >
          Resources
        </a>
        <a
          class="t-body2 navigationItem"
          href="https://privacy-policy.openjsf.org/"
          id="https://privacy-policy.openjsf.org/"
        >
          Privacy Policy
        </a>
        <a
          class="t-body2 navigationItem"
          href="/about/security/"
          id="/about/security/"
        >
          Security Reporting
        </a>
      </div>
    </div>
    <div
      class="navigationSection"
    >
      <button
        aria-expanded="true"
        class="t-body2 title"
        type="button"
      >
        <span>
          Get Involved
        </span>
      </button>
      <div
        aria-label="Get Involved"
        role="region"
        style="display: block;"
      >
        <a
          class="t-body2 navigationItem"
          href="/get-involved/"
          id="/get-involved/"
        >
          Get Involved
        </a>
        <a
          class="t-body2 navigationItem"
          href="/get-involved/collab-summit"
          id="/get-involved/collab-summit"
        >
          Collab Summit
        </a>
        <a
          class="t-body2 navigationItem"
          href="/get-involved/contribute"
          id="/get-involved/contribute"
        >
          Contribute
        </a>
        <a
          class="t-body2 navigationItem"
          href="https://github.com/nodejs/node/blob/main/doc/contributing/code-of-conduct.md"
          id="https://github.com/nodejs/node/blob/main/doc/contributing/code-of-conduct.md"
        >
          Code of Conduct
        </a>
      </div>
    </div>
    <div
      class="navigationSection"
    >
      <button
        aria-expanded="true"
        class="t-body2 title"
        type="button"
      >
        <span>
          Download
        </span>
      </button>
      <div
        aria-label="Download"
        role="region"
        style="display: block;"
      >
        <a
          class="t-body2 navigationItem"
          href="/download/"
          id="/download/"
        >
          Download
        </a>
        <a
          class="t-body2 navigationItem"
          href="/download/package-manager/"
          id="/download/package-manager/"
        >
          Package Manager
        </a>
        <a
          class="t-body2 navigationItem"
          href="/download/releases/"
          id="/download/releases/"
        >
          Previous Releases
        </a>
      </div>
    </div>
  </nav>
  <article
    class="article"
  >
    <div>
      <h1
        class="headline"
      >
        Mock Title
      </h1>
      <p />
    </div>
    <div />
    <div />
    <div>
      <p>
        Node.js can be installed in different ways. This post highlights the most common and convenient ones.
      </p>
      <p>
        Official packages for all the major platforms are available at 
        <a>
          https://nodejs.dev/download/
        </a>
        .
      </p>
      <p>
        One very convenient way to install Node.js is through a package manager. In this case, every operating system has its own.
      </p>
      <p>
        Other package managers for MacOS, Linux, and Windows are listed in 
        <a>
          https://nodejs.dev/download/package-manager/
        </a>
      </p>
      <p>
        <code
          class="code"
        >
          nvm
        </code>
         is a popular way to run Node.js. It allows you to easily switch the Node.js version, and install new versions to try and easily rollback if something breaks, for example.
      </p>
      <p>
        It is also very useful to test your code with old Node.js versions.
      </p>
      <p>
        See 
        <a>
          https://github.com/nvm-sh/nvm
        </a>
         for more information about this option.
      </p>
      <p>
        In any case, when Node.js is installed you'll have access to the 
        <code
          class="code"
        >
          node
        </code>
         executable program in the command line.
      </p>
    </div>
    <div
      class="edit"
    >
      <a
        href="https://github.com/nodejs/nodejs.dev/edit/main/content/about/about.en.md"
      >
        <span>
          Edit this page on GitHub
        </span>
        <svg
          aria-hidden="true"
          class="svg-inline--fa fa-pencil "
          data-icon="pencil"
          data-prefix="fas"
          focusable="false"
          role="img"
          viewBox="0 0 512 512"
          xmlns="http://www.w3.org/2000/svg"
        >
          <path
            d="M410.3 231l11.3-11.3-33.9-33.9-62.1-62.1L291.7 89.8l-11.3 11.3-22.6 22.6L58.6 322.9c-10.4 10.4-18 23.3-22.2 37.4L1 480.7c-2.5 8.4-.2 17.5 6.1 23.7s15.3 8.5 23.7 6.1l120.3-35.4c14.1-4.2 27-11.8 37.4-22.2L387.7 253.7 410.3 231zM160 399.4l-9.1 22.7c-4 3.1-8.5 5.4-13.3 6.9L59.4 452l23-78.1c1.4-4.9 3.8-9.4 6.9-13.3l22.7-9.1v32c0 8.8 7.2 16 16 16h32zM362.7 18.7L348.3 33.2 325.7 55.8 314.3 67.1l33.9 33.9 62.1 62.1 33.9 33.9 11.3-11.3 22.6-22.6 14.5-14.5c25-25 25-65.5 0-90.5L453.3 18.7c-25-25-65.5-25-90.5 0zm-47.4 168l-144 144c-6.2 6.2-16.4 6.2-22.6 0s-6.2-16.4 0-22.6l144-144c6.2-6.2 16.4-6.2 22.6 0s6.2 16.4 0 22.6z"
            fill="currentColor"
          />
        </svg>
      </a>
    </div>
  </article>
</main>
`;
