// Jest Snapshot v1, https://goo.gl/fbAQLP

exports[`Privacy Page renders correctly 1`] = `
<main
  class="grid-container"
>
  <nav
    class="sideNav"
  >
    <button
      class="sideNavOpen"
      type="button"
    >
      Menu
    </button>
    <div
      class="sideNavSection"
    >
      <div
        class="sideNavSectionTitle"
      >
        <b>
          Community Pages
        </b>
        <svg
          aria-hidden="true"
          class="MuiSvgIcon-root MuiSvgIcon-fontSizeMedium css-8rv7ug-MuiSvgIcon-root"
          data-testid="ArrowDropDownIcon"
          focusable="false"
          viewBox="0 0 24 24"
        >
          <path
            d="m7 10 5 5 5-5z"
          />
        </svg>
      </div>
      <a
        class="t-body2 navigationItem"
        href="/about/"
        id="link-/about/"
      >
        About
      </a>
      <a
        class="t-body2 navigationItem"
        href="/community/"
        id="link-/community/"
      >
        Community
      </a>
      <a
        class="t-body2 navigationItem"
        href="/download/package-manager/"
        id="link-/download/package-manager/"
      >
        Package Manager
      </a>
      <a
        aria-current="page"
        class="t-body2 navigationItem navigationItemActive"
        href="/about/privacy/"
        id="link-/about/privacy/"
      >
        Privacy Policy
      </a>
      <a
        class="t-body2 navigationItem"
        href="/about/governance/"
        id="link-/about/governance/"
      >
        Project Governance
      </a>
      <a
        class="t-body2 navigationItem"
        href="/about/releases/"
        id="link-/about/releases/"
      >
        Releases
      </a>
      <a
        class="t-body2 navigationItem"
        href="/resources/"
        id="link-/resources/"
      >
        Resources
      </a>
      <a
        class="t-body2 navigationItem"
        href="/about/security/"
        id="link-/about/security/"
      >
        Security Reporting
      </a>
      <a
        class="t-body2 navigationItem"
        href="/about/working-groups/"
        id="link-/about/working-groups/"
      >
        Working Groups
      </a>
    </div>
  </nav>
  <article
    class="article"
  >
    <h1
      class="headline"
    >
      Title
    </h1>
    <details
      class="tableOfContents"
    >
      <summary>
        <strong>
          Table of Contents
        </strong>
      </summary>
      <ul>
        <li>
          <a
            href="#mock-title"
          >
            mock-title
          </a>
        </li>
        <li>
          <a
            href="#mock-title-2"
          >
            mock-title-2
          </a>
        </li>
      </ul>
    </details>
    <div>
      <p>
        Node.js can be installed in different ways. This post highlights the most common and convenient ones.
      </p>
      <p>
        Official packages for all the major platforms are available at 
        <a>
          https://nodejs.dev/download/
        </a>
        .
      </p>
      <p>
        One very convenient way to install Node.js is through a package manager. In this case, every operating system has its own.
      </p>
      <p>
        Other package managers for MacOS, Linux, and Windows are listed in 
        <a>
          https://nodejs.dev/download/package-manager/
        </a>
      </p>
      <p>
        <code
          class="code"
        >
          nvm
        </code>
         is a popular way to run Node.js. It allows you to easily switch the Node.js version, and install new versions to try and easily rollback if something breaks, for example.
      </p>
      <p>
        It is also very useful to test your code with old Node.js versions.
      </p>
      <p>
        See 
        <a>
          https://github.com/nvm-sh/nvm
        </a>
         for more information about this option.
      </p>
      <p>
        In any case, when Node.js is installed you'll have access to the 
        <code
          class="code"
        >
          node
        </code>
         executable program in the command line.
      </p>
    </div>
    <div
      class="authorList"
    >
      Contributors
      <ul>
        <li>
          <a
            class="link"
            href="https://github.com/Author"
            rel="noopener noreferrer"
            style="margin-left: 0px;"
            target="_blank"
            title="Author"
          >
            <img
              alt="Author"
              src="https://github.com/Author.png?size=60"
            />
          </a>
        </li>
      </ul>
    </div>
    <div
      class="edit"
    >
      <a
        href="https://github.com/nodejs/nodejs.dev/edit/main/content/about/privacy.en.md"
      >
        <span>
          Edit this page on GitHub
        </span>
        <svg
          aria-hidden="true"
          class="svg-inline--fa fa-pencil "
          data-icon="pencil"
          data-prefix="fas"
          focusable="false"
          role="img"
          viewBox="0 0 512 512"
          xmlns="http://www.w3.org/2000/svg"
        >
          <path
            d="M421.7 220.3l-11.3 11.3-22.6 22.6-205 205c-6.6 6.6-14.8 11.5-23.8 14.1L30.8 511c-8.4 2.5-17.5 .2-23.7-6.1S-1.5 489.7 1 481.2L38.7 353.1c2.6-9 7.5-17.2 14.1-23.8l205-205 22.6-22.6 11.3-11.3 33.9 33.9 62.1 62.1 33.9 33.9zM96 353.9l-9.3 9.3c-.9 .9-1.6 2.1-2 3.4l-25.3 86 86-25.3c1.3-.4 2.5-1.1 3.4-2l9.3-9.3H112c-8.8 0-16-7.2-16-16V353.9zM453.3 19.3l39.4 39.4c25 25 25 65.5 0 90.5l-14.5 14.5-22.6 22.6-11.3 11.3-33.9-33.9-62.1-62.1L314.3 67.7l11.3-11.3 22.6-22.6 14.5-14.5c25-25 65.5-25 90.5 0z"
            fill="currentColor"
          />
        </svg>
      </a>
    </div>
  </article>
</main>
`;
